// Jest Snapshot v1, https://goo.gl/fbAQLP

exports[`FilterByNewer renders correctly 1`] = `
<div
  className="foo"
>
  <button
    aria-label="Filter by newer"
    className="MuiButton-root MuiButton-variantSolid MuiButton-colorPrimary MuiButton-sizeSm foo css-1d374uw-JoyButton-root"
    onBlur={[Function]}
    onClick={[Function]}
    onFocus={[Function]}
    onKeyDown={[Function]}
    onKeyUp={[Function]}
    onMouseDown={[Function]}
    onMouseLeave={[Function]}
  >
    <span
      className="MuiButton-startDecorator css-187ulk2-JoyButton-startDecorator"
    >
      <svg
        aria-hidden={true}
        className="MuiSvgIcon-root MuiSvgIcon-fontSizeSmall css-ptiqhd-MuiSvgIcon-root"
        data-testid="HourglassTopIcon"
        focusable="false"
        viewBox="0 0 24 24"
      >
        <path
          d="m6 2 .01 6L10 12l-3.99 4.01L6 22h12v-6l-4-4 4-3.99V2H6zm10 14.5V20H8v-3.5l4-4 4 4z"
        />
      </svg>
    </span>
    Newer
  </button>
</div>
`;
