// Jest Snapshot v1, https://goo.gl/fbAQLP

exports[`RemoveButtonTest renders correctly 1`] = `
<button
  aria-label="Remove item button"
  aria-labelledby={null}
  className="MuiIconButton-root MuiIconButton-variantPlain MuiIconButton-colorPrimary MuiIconButton-sizeSm css-sx19sf-JoyIconButton-root"
  id="remove-item-button"
  onBlur={[Function]}
  onClick={[Function]}
  onFocus={[Function]}
  onKeyDown={[Function]}
  onKeyUp={[Function]}
  onMouseDown={[Function]}
  onMouseLeave={[Function]}
  onMouseOver={[Function]}
  onTouchEnd={[Function]}
  onTouchStart={[Function]}
>
  <svg
    aria-hidden={true}
    className="MuiSvgIcon-root MuiSvgIcon-fontSizeMedium css-1ekxpud-MuiSvgIcon-root"
    data-testid="DeleteIcon"
    focusable="false"
    viewBox="0 0 24 24"
  >
    <path
      d="M6 19c0 1.1.9 2 2 2h8c1.1 0 2-.9 2-2V7H6v12zM19 4h-3.5l-1-1h-5l-1 1H5v2h14V4z"
    />
  </svg>
</button>
`;
