// Jest Snapshot v1, https://goo.gl/fbAQLP

exports[`SortByDropdown renders correctly 1`] = `
<div
  className="sort-by-dropdown foo"
>
  <div
    className=""
  >
    <p
      className="MuiTypography-root MuiTypography-body3 MuiTypography-colorNeutral MuiTypography-variantPlain css-1v5xtsw-JoyTypography-root"
    >
      Sort by
    </p>
  </div>
  <div
    className="MuiSelect-root MuiSelect-variantOutlined MuiSelect-colorNeutral MuiSelect-sizeMd css-dlq8yc-JoySelect-root"
  >
    <button
      aria-controls=":r0:"
      aria-expanded={false}
      aria-label="Sort by select"
      className="MuiSelect-button css-1hr8yhh-JoySelect-button"
      onBlur={[Function]}
      onClick={[Function]}
      onFocus={[Function]}
      onKeyDown={[Function]}
      onKeyUp={[Function]}
      onMouseDown={[Function]}
      onMouseLeave={[Function]}
      role="combobox"
      tabIndex={0}
    />
    <span
      className="MuiSelect-indicator css-o99lva-JoySelect-indicator"
    >
      <svg
        aria-hidden={true}
        className="MuiSvgIcon-root MuiSvgIcon-colorInherit MuiSvgIcon-fontSizeXl css-hl2kr4-JoySvgIcon-root"
        data-testid="UnfoldIcon"
        focusable={false}
        viewBox="0 0 24 24"
      >
        <path
          d="m12 5.83 2.46 2.46c.39.39 1.02.39 1.41 0 .39-.39.39-1.02 0-1.41L12.7 3.7a.9959.9959 0 0 0-1.41 0L8.12 6.88c-.39.39-.39 1.02 0 1.41.39.39 1.02.39 1.41 0L12 5.83zm0 12.34-2.46-2.46a.9959.9959 0 0 0-1.41 0c-.39.39-.39 1.02 0 1.41l3.17 3.18c.39.39 1.02.39 1.41 0l3.17-3.17c.39-.39.39-1.02 0-1.41a.9959.9959 0 0 0-1.41 0L12 18.17z"
        />
      </svg>
    </span>
  </div>
</div>
`;
